Environment variables loaded from .env
Running seed command `ts-node prisma/seed.ts` ...
(node:23896) [MODULE_TYPELESS_PACKAGE_JSON] Warning: Module type of file:///E:/projects/portfolio%203/main/tva-portfolio%20-%202nd%20branch/prisma/seed.ts is not specified and it doesn't parse as CommonJS.
Reparsing as ES module because module syntax was detected. This incurs a performance overhead.
To eliminate this warning, add "type": "module" to E:\projects\portfolio 3\main\tva-portfolio - 2nd branch\package.json.
(Use `node --trace-warnings ...` to show where the warning was created)
prisma:warn In production, we recommend using `prisma generate --no-engine` (See: `prisma generate --help`)
Start seeding ...
PrismaClientKnownRequestError: 
Invalid `prisma.profile.deleteMany()` invocation:


Cannot fetch data from service:
fetch failed
    at $n.handleRequestError (E:\projects\portfolio 3\main\tva-portfolio - 2nd branch\node_modules\@prisma\client\runtime\library.js:121:7315)
    at $n.handleAndLogRequestError (E:\projects\portfolio 3\main\tva-portfolio - 2nd branch\node_modules\@prisma\client\runtime\library.js:121:6623)
    at $n.request (E:\projects\portfolio 3\main\tva-portfolio - 2nd branch\node_modules\@prisma\client\runtime\library.js:121:6307)
    at processTicksAndRejections (node:internal/process/task_queues:103:5)
    at async l (E:\projects\portfolio 3\main\tva-portfolio - 2nd branch\node_modules\@prisma\client\runtime\library.js:130:9633)
    at async main (file:///E:/projects/portfolio%203/main/tva-portfolio%20-%202nd%20branch/prisma/seed.ts:84:5) {
  code: 'P5010',
  clientVersion: '5.22.0',
  meta: { modelName: 'Profile' }
}

An error occurred while running the seed command:
Error: Command failed with exit code 1: ts-node prisma/seed.ts
